0
0
10
0
-2

30
40
20
2
0
J1
1
1
J2
J4
J3
0
0
-----.....
1
1
-----^....
1
1
-----^^...
0
-----^^...
1
1
-----.^...
1
1
-----.^...
0
-----.^...
1
1
-----.^...
1
1
-----.^...
0
-----.^...
1
1
-----.^...
1
1
-----.^...
0
-----.^...
1
1
-----.^.^.
1
1
-----...^.
0
-----...^.
1
1
-----..^^.
1
1
-----..^^.
0
-----..^^.
1
1
-----^..^.
1
1
-----^...^
0
-----^...^
1
1
-----....^
1
1
-E---.^..^
0
-E---.^..^
1
1
-E---.^^..
1
1
-E---..^..
0
-E---..^..
1
1
-E---..^^.
1
1
-E---...^.
0
-E---...^.
1
1
-E---...^.
1
1
-E---...^.
0
-E---...^.
1
1
-E-E-...^.
1
1
-E-E-^..^.
0
-E-E-^..^.
1
1
-E-E-^....
1
1
-E-E-^...^
0
-E-E-^...^
1
1
-E-E-..^.^
1
1
-E-E-..^.^
0
-E-E-..^.^
1
1
-E-E-^...^
1
1
-E-E-^.^..
0
-E-E-^.^..
1
1
-E-E-..^.^
1
1
-E-E-..^.^
0
-E-E-..^.^
1
1
-E-E-^.^..
1
1
-E-E-^....
0
-E-E-^....
1
1
EE-E-^....
1
1
EE-E-^.^..
0
EE-E-^.^..
1
1
EECE-..^..
1
1
EECE-..^.^
0
EECE-..^.^
1
1
EECE-....^
1
1
EECEECEECECEECCCCCEECCEEEEECECCECCECCECC,3,2
3
2
0
0
